../Application/AlarmClock/alarmclock.c:20:13:alarmClock_NORMAL_display	16	static
../Application/AlarmClock/alarmclock.c:28:13:alarmClock_ALARM_display	16	static
../Application/AlarmClock/alarmclock.c:36:13:alarmClock_RUNNING_display	16	static
../Application/AlarmClock/alarmclock.c:50:13:alarmClock_number_blink	16	static
../Application/AlarmClock/alarmclock.c:67:13:alarmClock_SET_TIME_display	8	static
../Application/AlarmClock/alarmclock.c:93:13:alarmClock_SET_ALARM_display	8	static
../Application/AlarmClock/alarmclock.c:110:13:alarmClock_STOP_WATCH_display	16	static
../Application/AlarmClock/alarmclock.c:118:13:setTime_button_handle	8	static
../Application/AlarmClock/alarmclock.c:168:13:setAlarm_button_handle	4	static
../Application/AlarmClock/alarmclock.c:194:13:start_button_short_press_handle	8	static
../Application/AlarmClock/alarmclock.c:215:13:mode_button_short_press_handle	8	static
../Application/AlarmClock/alarmclock.c:240:13:light_button_short_press_handle	8	static
../Application/AlarmClock/alarmclock.c:309:6:button_press_1sTimeout_callback	16	static
../Application/AlarmClock/alarmclock.c:320:6:button_press_2sTimeout_callback	16	static
../Application/AlarmClock/alarmclock.c:331:6:button_press_3sTimeout_callback	16	static
../Application/AlarmClock/alarmclock.c:341:6:button_short_press_callback	16	static
../Application/AlarmClock/alarmclock.c:351:6:alarmClock_init	24	static
../Application/AlarmClock/alarmclock.c:378:6:alarmClock_display_handle	8	static
../Application/AlarmClock/alarmclock.c:406:6:alarmClock_buttons_handle	8	static
../Application/AlarmClock/alarmclock.c:413:6:alarmClock_alarm_handle	8	static
../Application/AlarmClock/alarmclock.c:439:6:alarmClock_STOP_WATCH_TIM_IT_handle	4	static
